// Vitest Snapshot v1, https://vitest.dev/guide/snapshot.html

exports[`NotFound should render without error 1`] = `
<div>
  <div
    class="flex-1 w-full flex justify-center items-center"
  >
    <div>
      <img
        alt="404"
        data-nimg="1"
        decoding="async"
        height="400"
        loading="lazy"
        src="/_next/image?url=%2Fnot-found.png&w=828&q=75"
        srcset="/_next/image?url=%2Fnot-found.png&w=640&q=75 1x, /_next/image?url=%2Fnot-found.png&w=828&q=75 2x"
        style="color: transparent;"
        width="400"
      />
      <p
        class="text-2xl"
      >
        Sorry! This page does not exists.
      </p>
      <a
        class="text-2xl text-blue-800 hover:underline"
        href="/"
      >
        Go back home
      </a>
    </div>
  </div>
</div>
`;
